18:51:10 **** Auto Build of configuration Debug for project GPIO_Interrupt ****
make pre-build main-build 
a9-linaro-pre-build-step
' '
'Building file: ../src/helloworld.c'
'Invoking: ARM v7 gcc compiler'
arm-none-eabi-gcc -Wall -O0 -g3 -c -fmessage-length=0 -MT"src/helloworld.o" -mcpu=cortex-a9 -mfpu=vfpv3 -mfloat-abi=hard -I../../GPIO_Interrupt_bsp/ps7_cortexa9_0/include -MMD -MP -MF"src/helloworld.d" -MT"src/helloworld.o" -o "src/helloworld.o" "../src/helloworld.c"
'Finished building: ../src/helloworld.c'
' '
'Building target: GPIO_Interrupt.elf'
'Invoking: ARM v7 gcc linker'
arm-none-eabi-gcc -mcpu=cortex-a9 -mfpu=vfpv3 -mfloat-abi=hard -Wl,-build-id=none -specs=Xilinx.spec -Wl,-T -Wl,../src/lscript.ld -L../../GPIO_Interrupt_bsp/ps7_cortexa9_0/lib -o "GPIO_Interrupt.elf"  ./src/helloworld.o ./src/platform.o   -Wl,--start-group,-lxil,-lgcc,-lc,--end-group
'Finished building target: GPIO_Interrupt.elf'
' '
'Invoking: ARM v7 Print Size'
arm-none-eabi-size GPIO_Interrupt.elf  |tee "GPIO_Interrupt.elf.size"
   text	   data	    bss	    dec	    hex	filename
  28812	   1952	  22632	  53396	   d094	GPIO_Interrupt.elf
'Finished building: GPIO_Interrupt.elf.size'
' '

18:51:11 Build Finished (took 1s.337ms)

